
> yafra-app@1.0.0 test
> jest --verbose

PASS src/screens/profile/__tests__/CollectionDetailScreen.test.tsx
  CollectionDetailScreen
    ✓ renders the collection name as the header and lists the restaurants inside it (324 ms)
    ✓ displays an empty message when no restaurants are in the collection (54 ms)
    ✓ triggers a confirmation alert and removes a restaurant from the collection when bookmark is tapped (12 ms)

PASS src/screens/groups/__tests__/GroupDetailScreen.test.tsx
  GroupDetailScreen
    ✓ fetches and displays group name, invite code, and members on mount (288 ms)
    ✓ renders the 'Delete Group' button only if the current user is the owner (11 ms)
    ✓ hides the 'Delete Group' button if the current user is just a member (4 ms)
    ✓ Owner can generate a one-time invite code (59 ms)
    ✓ Non-owners do not see invite generation controls (4 ms)
    ✓ fetches and displays active invite codes for the owner (44 ms)
    ✓ Owner can delete the group (16 ms)
    ✓ Owner can disable and enable the permanent invite code (23 ms)
    ✓ Owner clicking a member displays appropriate options for "member" role (10 ms)
    ✓ Owner clicking an admin displays appropriate options for "admin" role (9 ms)
    ✓ Regular member clicking a member does nothing (14 ms)
    ✓ triggers updateMemberRole when Promote to Admin is pressed (18 ms)
    ✓ triggers removeGroupMember when Kick from Group is pressed (10 ms)
    ✓ fetches and displays group restaurants (9 ms)

PASS src/screens/review/__tests__/ReviewScreen.test.tsx
  ReviewScreen
    ✓ renders the restaurant name passed via route parameters (223 ms)
    ✓ calls submitReview with simple mode payload by default (72 ms)
    ✓ calls submitReview with advanced payload when expanded (164 ms)
    ✓ displays an error message if the submission fails (67 ms)

PASS src/screens/groups/__tests__/GroupsScreen.test.tsx
  GroupsScreen
    ✓ fetches and displays the user's groups on mount (409 ms)
    ✓ navigates to GroupDetailScreen when a group is pressed (38 ms)
    ✓ opens the Create Group modal when the fab is pressed (22 ms)
    ✓ opens the Join Group modal when the join button is pressed (22 ms)
    ✓ calls createGroup and refreshes list when a new group is submitted (31 ms)
    ✓ calls joinGroupWithCode and refreshes list when an invite code is submitted (33 ms)

PASS src/screens/profile/__tests__/ProfileScreen.test.tsx
  ProfileScreen
    ✓ renders username and aggregated stats on mount (310 ms)
    ✓ navigates to WantToVisitScreen when the Want-To-Visit button is pressed (24 ms)
    ✓ calls supabase.auth.signOut when the logout button is pressed (64 ms)

PASS src/screens/profile/__tests__/WantToVisitScreen.test.tsx
  WantToVisitScreen
    ✓ renders a list of user collections with their item counts on mount (56 ms)
    ✓ navigates to CollectionDetailScreen when a collection card is pressed (61 ms)

PASS src/components/ui/__tests__/QuickAddModal.test.tsx
  QuickAddModal
    ✓ displays the closest restaurant and shows more when No is pressed (75 ms)

PASS src/components/review/__tests__/ScoreSelector.test.tsx
  ScoreSelector
    ✓ renders initial value and descriptor (37 ms)
    ✓ rejects numbers > 5.0 and < 1.0 on blur (16 ms)
    ✓ quick-increment and decrement buttons update values seamlessly (4 ms)

PASS src/screens/auth/__tests__/RegisterScreen.test.tsx
  RegisterScreen Component Render Check
    ✓ renders all form elements correctly (35 ms)
  RegisterScreen Navigation
    ✓ navigates back when Login is pressed (7 ms)
    ✓ navigates back when top-right close button is pressed (7 ms)
  RegisterScreen Submission Logic
    ✓ calls the register service with email, password, and displayName when register is pressed (29 ms)
    ✓ shows success alert when registration succeeds (76 ms)
    ✓ shows error alert when registration fails (78 ms)

PASS src/screens/auth/__tests__/LoginScreen.test.tsx
  LoginScreen Component Render Check
    ✓ renders the e-mail and password input fields (29 ms)
    ✓ renders the Login, 'Don't have an account?' and 'Forgot Password' buttons (9 ms)
  LoginScreen Navigation
    ✓ navigates to RegisterScreen when Sign Up is pressed (6 ms)
  LoginScreen Submission Logic
    ✓ calls the login service with email and password when login is pressed (25 ms)
    ✓ shows an error alert when login fails (67 ms)
    ✓ allows quick login for developers (8 ms)

PASS src/components/ui/__tests__/RestaurantCard.test.tsx
  RestaurantMarker UI
    ✓ applies a solid background color to the pin container for app state (23 ms)
    ✓ applies a white background with a colored border and text for google state (10 ms)
    ✓ renders a purple pin for bookmark state (9 ms)

PASS src/navigation/__tests__/MainNavigator.test.tsx
  MainNavigator Auth Flow
    ✓ renders LoginScreen when there is no session (149 ms)

PASS src/components/map/__tests__/RestaurantMarker.test.tsx
  RestaurantMarker UI
    ✓ applies a solid background color to the pin container for app state (24 ms)
    ✓ applies a white background with a colored border and text for google state (10 ms)
    ✓ renders a purple pin for bookmark state (5 ms)

PASS src/components/map/__tests__/RestaurantMap.test.tsx
  RestaurantMap
    ✓ renders detailed markers when selected (75 ms)
    ✓ renders correctly when unselected (5 ms)

PASS src/hooks/__tests__/useStaggeredList.test.ts
  useStaggeredList
    ✓ returns an empty array on the first render frame (3 ms)
    ✓ Gradually adds a batch of items (e.g., 5 at a time) every time a frame tick occurs (3 ms)
    ✓ Resets the staggered queue cleanly when the incoming master list completely changes (4 ms)
    ✓ Verify that rerendering the hook with a brand new region object reference—but keeping the exact same array items—does not reset the list size back to your starting batch size or cause layout tracking resets. (2 ms)
    ✓ Verify that passing an empty array [] immediately empties the output state on frame zero instead of leaving trailing elements behind. (2 ms)

PASS src/services/__tests__/restaurantService.test.ts
  Restaurant Service
    fetchRestaurants
      ✓ fetchRestaurants maps google_rating to rating and parses strings to numbers (1 ms)
  triggerIngest
    ✓ invokes the ingest-restaurants edge function with the correct bounding box
    ✓ throws an error if the edge function invocation fails (18 ms)
  fetchRestaurantDetails
    ✓ invokes the fetch-place-details edge function with the correct googlePlaceId

PASS src/utils/__tests__/geo.test.ts
  Geolocation Utilities
    getRegionBBox
      ✓ should correctly calculate the bounding box from a region (2 ms)
    calculateDistance
      ✓ should return 0 for the same coordinate (1 ms)
      ✓ should calculate the distance between two points correctly (approx)
    sortRestaurantsByDistance
      ✓ should sort restaurants from closest to furthest based on origin (1 ms)
      ✓ should prioritize restaurants with an app_rating over unrated ones, even if slightly further away (1 ms)
    getClosestRestaurants
      ✓ returns the closest restaurants up to the limit (1 ms)
    filterWithinRadius
      ✓ should filter restaurants within the specified radius (1 ms)
    getVisibleRestaurants
      ✓ should return only restaurants within the exact region
      ✓ should return restaurants within the 1/2 screen buffer zone
      ✓ should exclude restaurants outside the buffered zone (1 ms)
      ✓ should enforce a maximum array length, prioritizing higher-rated restaurants (2 ms)
      ✓ should prioritize bookmarked restaurants and exclude them from the maxMarkers limit. (1 ms)
      ✓ should heavily prioritize restaurants with an app_rating over standard Google ratings when pruning.
      zoom-based pruning
        ✓ should return all visible restaurants when the zoom level is within the threshold
        ✓ should drop unbookmarked visible restaurants when the zoom level exceeds the threshold (1 ms)
        ✓ should retain bookmarked restaurants even when zoomed out past the threshold (1 ms)

PASS src/services/__tests__/bookmarkService.test.ts
  bookmarkService
    fetchCollections
      ✓ fetches collections successfully (2 ms)
      ✓ creates a Wishlist collection if empty (1 ms)
    fetchCollectionSummaries
      ✓ returns collections with their item counts (2 ms)
    fetchCollectionRestaurants
      ✓ returns full restaurant records for a specific collection ID (2 ms)
    createCollection
      ✓ inserts and returns a new collection (1 ms)
    toggleBookmarkInCollection
      ✓ deletes a bookmark if currently saved (1 ms)
      ✓ inserts a bookmark if not currently saved
    fetchUserBookmarkedRestaurantIds
      ✓ returns a unique set of restaurant IDs
    fetchRestaurantSavedCollectionIds
      ✓ returns a set of collection IDs for a specific restaurant

PASS src/utils/__tests__/displayState.test.ts
  resolveRestaurantDisplay
    ✓ returns bookmark state and purple color when isBookmarked is true (1 ms)
    ✓ returns bookmark icon when bookmarked but completely unrated
    ✓ returns app state and solid gradient color for native app ratings (1 ms)
    ✓ returns google state and hollow flag for google rating only (1 ms)
    ✓ returns unrated state and gray color for no ratings

PASS src/services/__tests__/authService.test.ts
  Auth Service - User Profile
    fetchUserProfile
      ✓ selects the profile for the given user ID (2 ms)
    updateUsername
      ✓ updates the username for the given user ID (1 ms)

FAIL src/screens/map/__tests__/MapScreen.test.tsx
  MapScreen Toggle Feature
    ✓ calls fetchRestaurants when the component mounts (306 ms)
    ✓ renders the map by default after loading (36 ms)
    ✕ toggles between Map and List view when buttons are pressed (98 ms)
    ✕ opens the CollectionModal when the bookmark icon is pressed in List View (23 ms)
    ✓ renders markers on the map for each restaurant from fetchRestaurants (10 ms)
    ✓ applying a cuisine filter restricts rendered restaurant markers (97 ms)
    ✓ requests location permissions (13 ms)
    ✕ floating ui card appears on press (13 ms)
    ✕ quietly fetches details in the background if a selected restaurant has no rating (12 ms)
    ✕ passes bookmark toggle down to the floating preview card and opens CollectionModal (18 ms)
    ✕ navigates to ReviewScreen when Add Review button is pressed (11 ms)
    ✓ calls scanRegion on map region change (18 ms)
    ✓ does not call scanRegion when zoomed out past the maximum threshold (41 ms)
    Search Integration
      ✓ renders the SearchBar component (18 ms)
      ✓ passes the map region coordinates to SearchBar as userLocation (13 ms)
    Custom Map Controls
      ✓ Pressing the custom "My Location" button calls mapRef.animateCamera with userLocation (10 ms)
      ✓ Pressing the custom "Compass" button calls mapRef.animateCamera with heading 0 (10 ms)

  ● MapScreen Toggle Feature › toggles between Map and List view when buttons are pressed

    TypeError: (0 , _categories.getCategoryDisplayName) is not a function

      42 |             item={{
      43 |               ...item,
    > 44 |               cuisine: getCategoryDisplayName(item.cuisine),
         |                                              ^
      45 |             }}
      46 |             onPressReview={() => onPressReview(item)}
      47 |             isBookmarked={bookmarkedIds.has(item.id.toString())}

      at renderItem (src/components/ui/RestaurantList.tsx:44:46)
      at renderItem (node_modules/react-native/Libraries/Lists/FlatList.js:633:16)
      at render (node_modules/react-native/Libraries/Lists/FlatList.js:662:16)
      at CellRenderer.renderItem [as _renderElement] (node_modules/react-native/node_modules/@react-native/virtualized-lists/Lists/VirtualizedListCellRenderer.js:163:14)
      at CellRenderer._renderElement [as render] (node_modules/react-native/node_modules/@react-native/virtualized-lists/Lists/VirtualizedListCellRenderer.js:189:26)
      at Object.react_stack_bottom_frame (node_modules/react-test-renderer/cjs/react-test-renderer.development.js:15683:29)
      at updateClassComponent (node_modules/react-test-renderer/cjs/react-test-renderer.development.js:7566:25)
      at beginWork (node_modules/react-test-renderer/cjs/react-test-renderer.development.js:8513:13)
      at runWithFiberInDEV (node_modules/react-test-renderer/cjs/react-test-renderer.development.js:2315:13)
      at performUnitOfWork (node_modules/react-test-renderer/cjs/react-test-renderer.development.js:13224:22)
      at workLoopSync (node_modules/react-test-renderer/cjs/react-test-renderer.development.js:13068:41)
      at renderRootSync (node_modules/react-test-renderer/cjs/react-test-renderer.development.js:13049:11)
      at performWorkOnRoot (node_modules/react-test-renderer/cjs/react-test-renderer.development.js:12253:39)
      at performWorkOnRootViaSchedulerTask (node_modules/react-test-renderer/cjs/react-test-renderer.development.js:2908:7)
      at flushActQueue (node_modules/react/cjs/react.development.js:590:34)
      at Object.<anonymous>.process.env.NODE_ENV.exports.act (node_modules/react/cjs/react.development.js:884:10)
      at actImplementation (node_modules/@testing-library/react-native/src/act.ts:30:25)
      at fireEvent (node_modules/@testing-library/react-native/src/fire-event.ts:122:11)
      at fireEvent [as press] (node_modules/@testing-library/react-native/src/fire-event.ts:130:3)
      at Object.press (src/screens/map/__tests__/MapScreen.test.tsx:162:15)
      at asyncGeneratorStep (node_modules/@babel/runtime/helpers/asyncToGenerator.js:3:17)
      at _next (node_modules/@babel/runtime/helpers/asyncToGenerator.js:17:9)

  ● MapScreen Toggle Feature › opens the CollectionModal when the bookmark icon is pressed in List View

    TypeError: (0 , _categories.getCategoryDisplayName) is not a function

      42 |             item={{
      43 |               ...item,
    > 44 |               cuisine: getCategoryDisplayName(item.cuisine),
         |                                              ^
      45 |             }}
      46 |             onPressReview={() => onPressReview(item)}
      47 |             isBookmarked={bookmarkedIds.has(item.id.toString())}

      at renderItem (src/components/ui/RestaurantList.tsx:44:46)
      at renderItem (node_modules/react-native/Libraries/Lists/FlatList.js:633:16)
      at render (node_modules/react-native/Libraries/Lists/FlatList.js:662:16)
      at CellRenderer.renderItem [as _renderElement] (node_modules/react-native/node_modules/@react-native/virtualized-lists/Lists/VirtualizedListCellRenderer.js:163:14)
      at CellRenderer._renderElement [as render] (node_modules/react-native/node_modules/@react-native/virtualized-lists/Lists/VirtualizedListCellRenderer.js:189:26)
      at Object.react_stack_bottom_frame (node_modules/react-test-renderer/cjs/react-test-renderer.development.js:15683:29)
      at updateClassComponent (node_modules/react-test-renderer/cjs/react-test-renderer.development.js:7566:25)
      at beginWork (node_modules/react-test-renderer/cjs/react-test-renderer.development.js:8513:13)
      at runWithFiberInDEV (node_modules/react-test-renderer/cjs/react-test-renderer.development.js:2315:13)
      at performUnitOfWork (node_modules/react-test-renderer/cjs/react-test-renderer.development.js:13224:22)
      at workLoopSync (node_modules/react-test-renderer/cjs/react-test-renderer.development.js:13068:41)
      at renderRootSync (node_modules/react-test-renderer/cjs/react-test-renderer.development.js:13049:11)
      at performWorkOnRoot (node_modules/react-test-renderer/cjs/react-test-renderer.development.js:12253:39)
      at performWorkOnRootViaSchedulerTask (node_modules/react-test-renderer/cjs/react-test-renderer.development.js:2908:7)
      at flushActQueue (node_modules/react/cjs/react.development.js:590:34)
      at Object.<anonymous>.process.env.NODE_ENV.exports.act (node_modules/react/cjs/react.development.js:884:10)
      at actImplementation (node_modules/@testing-library/react-native/src/act.ts:30:25)
      at fireEvent (node_modules/@testing-library/react-native/src/fire-event.ts:122:11)
      at fireEvent [as press] (node_modules/@testing-library/react-native/src/fire-event.ts:130:3)
      at Object.press (src/screens/map/__tests__/MapScreen.test.tsx:179:15)
      at asyncGeneratorStep (node_modules/@babel/runtime/helpers/asyncToGenerator.js:3:17)
      at _next (node_modules/@babel/runtime/helpers/asyncToGenerator.js:17:9)

  ● MapScreen Toggle Feature › floating ui card appears on press

    TypeError: (0 , _categories.getCategoryDisplayName) is not a function

      349 |                 ? {
      350 |                     ...selectedRestaurant,
    > 351 |                     cuisine: getCategoryDisplayName(selectedRestaurant.cuisine),
          |                                                    ^
      352 |                   }
      353 |                 : null
      354 |             }

      at MapScreen (src/screens/map/MapScreen.tsx:351:52)
      at Object.react_stack_bottom_frame (node_modules/react-test-renderer/cjs/react-test-renderer.development.js:15670:20)
      at renderWithHooks (node_modules/react-test-renderer/cjs/react-test-renderer.development.js:4863:22)
      at updateFunctionComponent (node_modules/react-test-renderer/cjs/react-test-renderer.development.js:7018:19)
      at beginWork (node_modules/react-test-renderer/cjs/react-test-renderer.development.js:8499:18)
      at runWithFiberInDEV (node_modules/react-test-renderer/cjs/react-test-renderer.development.js:2315:13)
      at performUnitOfWork (node_modules/react-test-renderer/cjs/react-test-renderer.development.js:13224:22)
      at workLoopSync (node_modules/react-test-renderer/cjs/react-test-renderer.development.js:13068:41)
      at renderRootSync (node_modules/react-test-renderer/cjs/react-test-renderer.development.js:13049:11)
      at performWorkOnRoot (node_modules/react-test-renderer/cjs/react-test-renderer.development.js:12253:39)
      at performWorkOnRootViaSchedulerTask (node_modules/react-test-renderer/cjs/react-test-renderer.development.js:2908:7)
      at flushActQueue (node_modules/react/cjs/react.development.js:590:34)
      at Object.<anonymous>.process.env.NODE_ENV.exports.act (node_modules/react/cjs/react.development.js:884:10)
      at actImplementation (node_modules/@testing-library/react-native/src/act.ts:30:25)
      at fireEvent (node_modules/@testing-library/react-native/src/fire-event.ts:122:11)
      at fireEvent [as press] (node_modules/@testing-library/react-native/src/fire-event.ts:130:3)
      at Object.press (src/screens/map/__tests__/MapScreen.test.tsx:244:15)
      at asyncGeneratorStep (node_modules/@babel/runtime/helpers/asyncToGenerator.js:3:17)
      at _next (node_modules/@babel/runtime/helpers/asyncToGenerator.js:17:9)

  ● MapScreen Toggle Feature › quietly fetches details in the background if a selected restaurant has no rating

    TypeError: (0 , _categories.getCategoryDisplayName) is not a function

      349 |                 ? {
      350 |                     ...selectedRestaurant,
    > 351 |                     cuisine: getCategoryDisplayName(selectedRestaurant.cuisine),
          |                                                    ^
      352 |                   }
      353 |                 : null
      354 |             }

      at MapScreen (src/screens/map/MapScreen.tsx:351:52)
      at Object.react_stack_bottom_frame (node_modules/react-test-renderer/cjs/react-test-renderer.development.js:15670:20)
      at renderWithHooks (node_modules/react-test-renderer/cjs/react-test-renderer.development.js:4863:22)
      at updateFunctionComponent (node_modules/react-test-renderer/cjs/react-test-renderer.development.js:7018:19)
      at beginWork (node_modules/react-test-renderer/cjs/react-test-renderer.development.js:8499:18)
      at runWithFiberInDEV (node_modules/react-test-renderer/cjs/react-test-renderer.development.js:2315:13)
      at performUnitOfWork (node_modules/react-test-renderer/cjs/react-test-renderer.development.js:13224:22)
      at workLoopSync (node_modules/react-test-renderer/cjs/react-test-renderer.development.js:13068:41)
      at renderRootSync (node_modules/react-test-renderer/cjs/react-test-renderer.development.js:13049:11)
      at performWorkOnRoot (node_modules/react-test-renderer/cjs/react-test-renderer.development.js:12253:39)
      at performWorkOnRootViaSchedulerTask (node_modules/react-test-renderer/cjs/react-test-renderer.development.js:2908:7)
      at flushActQueue (node_modules/react/cjs/react.development.js:590:34)
      at Object.<anonymous>.process.env.NODE_ENV.exports.act (node_modules/react/cjs/react.development.js:884:10)
      at actImplementation (node_modules/@testing-library/react-native/src/act.ts:30:25)
      at fireEvent (node_modules/@testing-library/react-native/src/fire-event.ts:122:11)
      at fireEvent [as press] (node_modules/@testing-library/react-native/src/fire-event.ts:130:3)
      at Object.press (src/screens/map/__tests__/MapScreen.test.tsx:273:15)
      at asyncGeneratorStep (node_modules/@babel/runtime/helpers/asyncToGenerator.js:3:17)
      at _next (node_modules/@babel/runtime/helpers/asyncToGenerator.js:17:9)

  ● MapScreen Toggle Feature › passes bookmark toggle down to the floating preview card and opens CollectionModal

    TypeError: (0 , _categories.getCategoryDisplayName) is not a function

      349 |                 ? {
      350 |                     ...selectedRestaurant,
    > 351 |                     cuisine: getCategoryDisplayName(selectedRestaurant.cuisine),
          |                                                    ^
      352 |                   }
      353 |                 : null
      354 |             }

      at MapScreen (src/screens/map/MapScreen.tsx:351:52)
      at Object.react_stack_bottom_frame (node_modules/react-test-renderer/cjs/react-test-renderer.development.js:15670:20)
      at renderWithHooks (node_modules/react-test-renderer/cjs/react-test-renderer.development.js:4863:22)
      at updateFunctionComponent (node_modules/react-test-renderer/cjs/react-test-renderer.development.js:7018:19)
      at beginWork (node_modules/react-test-renderer/cjs/react-test-renderer.development.js:8499:18)
      at runWithFiberInDEV (node_modules/react-test-renderer/cjs/react-test-renderer.development.js:2315:13)
      at performUnitOfWork (node_modules/react-test-renderer/cjs/react-test-renderer.development.js:13224:22)
      at workLoopSync (node_modules/react-test-renderer/cjs/react-test-renderer.development.js:13068:41)
      at renderRootSync (node_modules/react-test-renderer/cjs/react-test-renderer.development.js:13049:11)
      at performWorkOnRoot (node_modules/react-test-renderer/cjs/react-test-renderer.development.js:12253:39)
      at performWorkOnRootViaSchedulerTask (node_modules/react-test-renderer/cjs/react-test-renderer.development.js:2908:7)
      at flushActQueue (node_modules/react/cjs/react.development.js:590:34)
      at Object.<anonymous>.process.env.NODE_ENV.exports.act (node_modules/react/cjs/react.development.js:884:10)
      at actImplementation (node_modules/@testing-library/react-native/src/act.ts:30:25)
      at fireEvent (node_modules/@testing-library/react-native/src/fire-event.ts:122:11)
      at fireEvent [as press] (node_modules/@testing-library/react-native/src/fire-event.ts:130:3)
      at Object.press (src/screens/map/__tests__/MapScreen.test.tsx:289:15)
      at asyncGeneratorStep (node_modules/@babel/runtime/helpers/asyncToGenerator.js:3:17)
      at _next (node_modules/@babel/runtime/helpers/asyncToGenerator.js:17:9)

  ● MapScreen Toggle Feature › navigates to ReviewScreen when Add Review button is pressed

    TypeError: (0 , _categories.getCategoryDisplayName) is not a function

      349 |                 ? {
      350 |                     ...selectedRestaurant,
    > 351 |                     cuisine: getCategoryDisplayName(selectedRestaurant.cuisine),
          |                                                    ^
      352 |                   }
      353 |                 : null
      354 |             }

      at MapScreen (src/screens/map/MapScreen.tsx:351:52)
      at Object.react_stack_bottom_frame (node_modules/react-test-renderer/cjs/react-test-renderer.development.js:15670:20)
      at renderWithHooks (node_modules/react-test-renderer/cjs/react-test-renderer.development.js:4863:22)
      at updateFunctionComponent (node_modules/react-test-renderer/cjs/react-test-renderer.development.js:7018:19)
      at beginWork (node_modules/react-test-renderer/cjs/react-test-renderer.development.js:8499:18)
      at runWithFiberInDEV (node_modules/react-test-renderer/cjs/react-test-renderer.development.js:2315:13)
      at performUnitOfWork (node_modules/react-test-renderer/cjs/react-test-renderer.development.js:13224:22)
      at workLoopSync (node_modules/react-test-renderer/cjs/react-test-renderer.development.js:13068:41)
      at renderRootSync (node_modules/react-test-renderer/cjs/react-test-renderer.development.js:13049:11)
      at performWorkOnRoot (node_modules/react-test-renderer/cjs/react-test-renderer.development.js:12253:39)
      at performWorkOnRootViaSchedulerTask (node_modules/react-test-renderer/cjs/react-test-renderer.development.js:2908:7)
      at flushActQueue (node_modules/react/cjs/react.development.js:590:34)
      at Object.<anonymous>.process.env.NODE_ENV.exports.act (node_modules/react/cjs/react.development.js:884:10)
      at actImplementation (node_modules/@testing-library/react-native/src/act.ts:30:25)
      at fireEvent (node_modules/@testing-library/react-native/src/fire-event.ts:122:11)
      at fireEvent [as press] (node_modules/@testing-library/react-native/src/fire-event.ts:130:3)
      at Object.press (src/screens/map/__tests__/MapScreen.test.tsx:307:15)
      at asyncGeneratorStep (node_modules/@babel/runtime/helpers/asyncToGenerator.js:3:17)
      at _next (node_modules/@babel/runtime/helpers/asyncToGenerator.js:17:9)

PASS src/utils/__tests__/scoreEngine.test.ts
  scoreEngine
    ✓ passing 4.7 or 4.6 successfully drops back to the "Very Good" descriptor (4 ms)
    ✓ calculates distinct hex colors for 0.1 step increments
    ✓ caps scores to strict typing limits (1.0 <= score <= 5.0)

PASS src/services/__tests__/groupService.test.ts
  Group Service
    ✓ fetchMyGroups returns a list of groups the user belongs to (2 ms)
    ✓ createGroup inserts a new group and returns the created record (1 ms)
    ✓ joinGroupWithCode inserts a new group_member record when a valid permanent code is provided (1 ms)
    ✓ joinGroupWithCode handles one-time invite codes correctly (1 ms)
    ✓ createOneTimeInvite inserts a row into the group_invites table and returns the code (3 ms)
    ✓ leaveGroup deletes the group_member record for the active user (1 ms)
    ✓ fetchGroupDetails returns a group with its members (1 ms)
    ✓ deleteGroup deletes the group record (1 ms)
    ✓ updatePermanentInvite updates the code for the group (4 ms)
    ✓ updateMemberRole updates the role of the specified member (2 ms)
    ✓ removeGroupMember deletes the specified member (1 ms)
    ✓ fetchGroupReviewedRestaurantIds returns a unique set of restaurant IDs reviewed by any group member (2 ms)
    ✓ fetchGroupRestaurants returns a list of restaurant details for the group (16 ms)

PASS src/utils/__tests__/restaurantFilters.test.ts
  restaurantFilters
    ✓ filterRestaurants filters by matching FilterGroup arrays (3 ms)
    ✓ filterRestaurants excludes records with a rating below the minimum threshold (1 ms)
    ✓ filterRestaurants returns all records when filters are blank or default
    ✓ filterRestaurants matches records based on their parent FilterGroup array matching (1 ms)

PASS src/services/__tests__/profileService.test.ts
  Profile Service
    ✓ fetchUserStats returns the total count of reviews, unique restaurants, and bookmarks for a given user id (3 ms)

PASS src/utils/__tests__/groupMath.test.ts
  Group Math Aggregation
    calculateGroupAverage
      ✓ Calculates standard average when all member weights are 1.0 (1 ms)
      ✓ Calculates weighted average when member weights differ
      ✓ Ignores reviews from non-members
      ✓ Returns null if no valid reviews are found (1 ms)

PASS src/hooks/__tests__/useLocation.test.ts
  useLocation
    ✓ Returns high-accuracy coordinates when GPS permissions are granted (18 ms)
    ✓ Returns last known cached coordinates if high-accuracy positioning fails (2 ms)
    ✓ Successfully invokes the IP lookup fallback endpoint when GPS permissions are explicitly denied (2 ms)
    ✓ Returns a sensible global fallback coordinate if both GPS and network lookups fail entirely (1 ms)

  console.log
    [SearchService] Invoking 'search-places' for: "Pizza"

      at log (src/services/searchService.ts:24:11)

  console.log
    [SearchService] Session Token: session_token_123

      at log (src/services/searchService.ts:25:11)

  console.log
    [SearchService] Success! Received data: [ { description: 'Pizza Hut, Berlin', placeId: '123' } ]

      at log (src/services/searchService.ts:40:11)

  console.log
    [SearchService] Invoking 'search-places' for: "Pizza"

      at log (src/services/searchService.ts:24:11)

  console.log
    [SearchService] Session Token: session_token_123

      at log (src/services/searchService.ts:25:11)

  console.log
    [SearchService] Success! Received data: [ { description: 'Pizza Hut, Berlin', placeId: '123' } ]

      at log (src/services/searchService.ts:40:11)

PASS src/services/__tests__/searchService.test.ts
  Search Service
    getPlacePredictions
      ✓ calls the search-places edge function with input and sessionToken (14 ms)
      ✓ includes location in the payload if provided (3 ms)

  console.error
    An update to RestaurantMap inside a test was not wrapped in act(...).
    
    When testing, code that causes React state updates should be wrapped into act(...):
    
    act(() => {
      /* fire events that update state */
    });
    /* assert on the output */
    
    This ensures that you're testing the behavior the user would see in the browser. Learn more at https://react.dev/link/wrap-tests-with-act

      24 |
      25 |     const frameId = requestAnimationFrame(() => {
    > 26 |       setMountedIds((prev) => {
         |       ^
      27 |         const next = new Set(prev);
      28 |         // Add only the next small batch of unmounted items
      29 |         const batch = unmountedItems.slice(0, batchSize);

      at node_modules/react-test-renderer/cjs/react-test-renderer.development.js:14402:19
      at runWithFiberInDEV (node_modules/react-test-renderer/cjs/react-test-renderer.development.js:2315:13)
      at warnIfUpdatesNotWrappedWithActDEV (node_modules/react-test-renderer/cjs/react-test-renderer.development.js:14401:9)
      at scheduleUpdateOnFiber (node_modules/react-test-renderer/cjs/react-test-renderer.development.js:12086:9)
      at dispatchSetStateInternal (node_modules/react-test-renderer/cjs/react-test-renderer.development.js:6208:13)
      at dispatchSetState (node_modules/react-test-renderer/cjs/react-test-renderer.development.js:6165:7)
      at setMountedIds (src/hooks/useStaggeredList.ts:26:7)
      at Timeout.callback [as _onTimeout] (node_modules/react-native/jest/setup.js:61:31)

PASS __tests__/App.test.js
  <App />
    ✓ renders the main tab navigator and initial screen (425 ms)

PASS src/components/ui/__tests__/SearchBar.test.tsx
  SearchBar
    ✓ renders a TextInput (112 ms)
    ✓ debounces calls to getPlacePredictions as the user types (8 ms)
    ✓ passes userLocation to getPlacePredictions if provided (4 ms)
    ✓ displays the returned predictions in a list (704 ms)
    ✓ calls an onPlaceSelect prop when a suggestion is tapped (515 ms)

Summary of all failing tests
FAIL src/screens/map/__tests__/MapScreen.test.tsx
  ● MapScreen Toggle Feature › toggles between Map and List view when buttons are pressed

    TypeError: (0 , _categories.getCategoryDisplayName) is not a function

      42 |             item={{
      43 |               ...item,
    > 44 |               cuisine: getCategoryDisplayName(item.cuisine),
         |                                              ^
      45 |             }}
      46 |             onPressReview={() => onPressReview(item)}
      47 |             isBookmarked={bookmarkedIds.has(item.id.toString())}

      at renderItem (src/components/ui/RestaurantList.tsx:44:46)
      at renderItem (node_modules/react-native/Libraries/Lists/FlatList.js:633:16)
      at render (node_modules/react-native/Libraries/Lists/FlatList.js:662:16)
      at CellRenderer.renderItem [as _renderElement] (node_modules/react-native/node_modules/@react-native/virtualized-lists/Lists/VirtualizedListCellRenderer.js:163:14)
      at CellRenderer._renderElement [as render] (node_modules/react-native/node_modules/@react-native/virtualized-lists/Lists/VirtualizedListCellRenderer.js:189:26)
      at Object.react_stack_bottom_frame (node_modules/react-test-renderer/cjs/react-test-renderer.development.js:15683:29)
      at updateClassComponent (node_modules/react-test-renderer/cjs/react-test-renderer.development.js:7566:25)
      at beginWork (node_modules/react-test-renderer/cjs/react-test-renderer.development.js:8513:13)
      at runWithFiberInDEV (node_modules/react-test-renderer/cjs/react-test-renderer.development.js:2315:13)
      at performUnitOfWork (node_modules/react-test-renderer/cjs/react-test-renderer.development.js:13224:22)
      at workLoopSync (node_modules/react-test-renderer/cjs/react-test-renderer.development.js:13068:41)
      at renderRootSync (node_modules/react-test-renderer/cjs/react-test-renderer.development.js:13049:11)
      at performWorkOnRoot (node_modules/react-test-renderer/cjs/react-test-renderer.development.js:12253:39)
      at performWorkOnRootViaSchedulerTask (node_modules/react-test-renderer/cjs/react-test-renderer.development.js:2908:7)
      at flushActQueue (node_modules/react/cjs/react.development.js:590:34)
      at Object.<anonymous>.process.env.NODE_ENV.exports.act (node_modules/react/cjs/react.development.js:884:10)
      at actImplementation (node_modules/@testing-library/react-native/src/act.ts:30:25)
      at fireEvent (node_modules/@testing-library/react-native/src/fire-event.ts:122:11)
      at fireEvent [as press] (node_modules/@testing-library/react-native/src/fire-event.ts:130:3)
      at Object.press (src/screens/map/__tests__/MapScreen.test.tsx:162:15)
      at asyncGeneratorStep (node_modules/@babel/runtime/helpers/asyncToGenerator.js:3:17)
      at _next (node_modules/@babel/runtime/helpers/asyncToGenerator.js:17:9)

  ● MapScreen Toggle Feature › opens the CollectionModal when the bookmark icon is pressed in List View

    TypeError: (0 , _categories.getCategoryDisplayName) is not a function

      42 |             item={{
      43 |               ...item,
    > 44 |               cuisine: getCategoryDisplayName(item.cuisine),
         |                                              ^
      45 |             }}
      46 |             onPressReview={() => onPressReview(item)}
      47 |             isBookmarked={bookmarkedIds.has(item.id.toString())}

      at renderItem (src/components/ui/RestaurantList.tsx:44:46)
      at renderItem (node_modules/react-native/Libraries/Lists/FlatList.js:633:16)
      at render (node_modules/react-native/Libraries/Lists/FlatList.js:662:16)
      at CellRenderer.renderItem [as _renderElement] (node_modules/react-native/node_modules/@react-native/virtualized-lists/Lists/VirtualizedListCellRenderer.js:163:14)
      at CellRenderer._renderElement [as render] (node_modules/react-native/node_modules/@react-native/virtualized-lists/Lists/VirtualizedListCellRenderer.js:189:26)
      at Object.react_stack_bottom_frame (node_modules/react-test-renderer/cjs/react-test-renderer.development.js:15683:29)
      at updateClassComponent (node_modules/react-test-renderer/cjs/react-test-renderer.development.js:7566:25)
      at beginWork (node_modules/react-test-renderer/cjs/react-test-renderer.development.js:8513:13)
      at runWithFiberInDEV (node_modules/react-test-renderer/cjs/react-test-renderer.development.js:2315:13)
      at performUnitOfWork (node_modules/react-test-renderer/cjs/react-test-renderer.development.js:13224:22)
      at workLoopSync (node_modules/react-test-renderer/cjs/react-test-renderer.development.js:13068:41)
      at renderRootSync (node_modules/react-test-renderer/cjs/react-test-renderer.development.js:13049:11)
      at performWorkOnRoot (node_modules/react-test-renderer/cjs/react-test-renderer.development.js:12253:39)
      at performWorkOnRootViaSchedulerTask (node_modules/react-test-renderer/cjs/react-test-renderer.development.js:2908:7)
      at flushActQueue (node_modules/react/cjs/react.development.js:590:34)
      at Object.<anonymous>.process.env.NODE_ENV.exports.act (node_modules/react/cjs/react.development.js:884:10)
      at actImplementation (node_modules/@testing-library/react-native/src/act.ts:30:25)
      at fireEvent (node_modules/@testing-library/react-native/src/fire-event.ts:122:11)
      at fireEvent [as press] (node_modules/@testing-library/react-native/src/fire-event.ts:130:3)
      at Object.press (src/screens/map/__tests__/MapScreen.test.tsx:179:15)
      at asyncGeneratorStep (node_modules/@babel/runtime/helpers/asyncToGenerator.js:3:17)
      at _next (node_modules/@babel/runtime/helpers/asyncToGenerator.js:17:9)

  ● MapScreen Toggle Feature › floating ui card appears on press

    TypeError: (0 , _categories.getCategoryDisplayName) is not a function

      349 |                 ? {
      350 |                     ...selectedRestaurant,
    > 351 |                     cuisine: getCategoryDisplayName(selectedRestaurant.cuisine),
          |                                                    ^
      352 |                   }
      353 |                 : null
      354 |             }

      at MapScreen (src/screens/map/MapScreen.tsx:351:52)
      at Object.react_stack_bottom_frame (node_modules/react-test-renderer/cjs/react-test-renderer.development.js:15670:20)
      at renderWithHooks (node_modules/react-test-renderer/cjs/react-test-renderer.development.js:4863:22)
      at updateFunctionComponent (node_modules/react-test-renderer/cjs/react-test-renderer.development.js:7018:19)
      at beginWork (node_modules/react-test-renderer/cjs/react-test-renderer.development.js:8499:18)
      at runWithFiberInDEV (node_modules/react-test-renderer/cjs/react-test-renderer.development.js:2315:13)
      at performUnitOfWork (node_modules/react-test-renderer/cjs/react-test-renderer.development.js:13224:22)
      at workLoopSync (node_modules/react-test-renderer/cjs/react-test-renderer.development.js:13068:41)
      at renderRootSync (node_modules/react-test-renderer/cjs/react-test-renderer.development.js:13049:11)
      at performWorkOnRoot (node_modules/react-test-renderer/cjs/react-test-renderer.development.js:12253:39)
      at performWorkOnRootViaSchedulerTask (node_modules/react-test-renderer/cjs/react-test-renderer.development.js:2908:7)
      at flushActQueue (node_modules/react/cjs/react.development.js:590:34)
      at Object.<anonymous>.process.env.NODE_ENV.exports.act (node_modules/react/cjs/react.development.js:884:10)
      at actImplementation (node_modules/@testing-library/react-native/src/act.ts:30:25)
      at fireEvent (node_modules/@testing-library/react-native/src/fire-event.ts:122:11)
      at fireEvent [as press] (node_modules/@testing-library/react-native/src/fire-event.ts:130:3)
      at Object.press (src/screens/map/__tests__/MapScreen.test.tsx:244:15)
      at asyncGeneratorStep (node_modules/@babel/runtime/helpers/asyncToGenerator.js:3:17)
      at _next (node_modules/@babel/runtime/helpers/asyncToGenerator.js:17:9)

  ● MapScreen Toggle Feature › quietly fetches details in the background if a selected restaurant has no rating

    TypeError: (0 , _categories.getCategoryDisplayName) is not a function

      349 |                 ? {
      350 |                     ...selectedRestaurant,
    > 351 |                     cuisine: getCategoryDisplayName(selectedRestaurant.cuisine),
          |                                                    ^
      352 |                   }
      353 |                 : null
      354 |             }

      at MapScreen (src/screens/map/MapScreen.tsx:351:52)
      at Object.react_stack_bottom_frame (node_modules/react-test-renderer/cjs/react-test-renderer.development.js:15670:20)
      at renderWithHooks (node_modules/react-test-renderer/cjs/react-test-renderer.development.js:4863:22)
      at updateFunctionComponent (node_modules/react-test-renderer/cjs/react-test-renderer.development.js:7018:19)
      at beginWork (node_modules/react-test-renderer/cjs/react-test-renderer.development.js:8499:18)
      at runWithFiberInDEV (node_modules/react-test-renderer/cjs/react-test-renderer.development.js:2315:13)
      at performUnitOfWork (node_modules/react-test-renderer/cjs/react-test-renderer.development.js:13224:22)
      at workLoopSync (node_modules/react-test-renderer/cjs/react-test-renderer.development.js:13068:41)
      at renderRootSync (node_modules/react-test-renderer/cjs/react-test-renderer.development.js:13049:11)
      at performWorkOnRoot (node_modules/react-test-renderer/cjs/react-test-renderer.development.js:12253:39)
      at performWorkOnRootViaSchedulerTask (node_modules/react-test-renderer/cjs/react-test-renderer.development.js:2908:7)
      at flushActQueue (node_modules/react/cjs/react.development.js:590:34)
      at Object.<anonymous>.process.env.NODE_ENV.exports.act (node_modules/react/cjs/react.development.js:884:10)
      at actImplementation (node_modules/@testing-library/react-native/src/act.ts:30:25)
      at fireEvent (node_modules/@testing-library/react-native/src/fire-event.ts:122:11)
      at fireEvent [as press] (node_modules/@testing-library/react-native/src/fire-event.ts:130:3)
      at Object.press (src/screens/map/__tests__/MapScreen.test.tsx:273:15)
      at asyncGeneratorStep (node_modules/@babel/runtime/helpers/asyncToGenerator.js:3:17)
      at _next (node_modules/@babel/runtime/helpers/asyncToGenerator.js:17:9)

  ● MapScreen Toggle Feature › passes bookmark toggle down to the floating preview card and opens CollectionModal

    TypeError: (0 , _categories.getCategoryDisplayName) is not a function

      349 |                 ? {
      350 |                     ...selectedRestaurant,
    > 351 |                     cuisine: getCategoryDisplayName(selectedRestaurant.cuisine),
          |                                                    ^
      352 |                   }
      353 |                 : null
      354 |             }

      at MapScreen (src/screens/map/MapScreen.tsx:351:52)
      at Object.react_stack_bottom_frame (node_modules/react-test-renderer/cjs/react-test-renderer.development.js:15670:20)
      at renderWithHooks (node_modules/react-test-renderer/cjs/react-test-renderer.development.js:4863:22)
      at updateFunctionComponent (node_modules/react-test-renderer/cjs/react-test-renderer.development.js:7018:19)
      at beginWork (node_modules/react-test-renderer/cjs/react-test-renderer.development.js:8499:18)
      at runWithFiberInDEV (node_modules/react-test-renderer/cjs/react-test-renderer.development.js:2315:13)
      at performUnitOfWork (node_modules/react-test-renderer/cjs/react-test-renderer.development.js:13224:22)
      at workLoopSync (node_modules/react-test-renderer/cjs/react-test-renderer.development.js:13068:41)
      at renderRootSync (node_modules/react-test-renderer/cjs/react-test-renderer.development.js:13049:11)
      at performWorkOnRoot (node_modules/react-test-renderer/cjs/react-test-renderer.development.js:12253:39)
      at performWorkOnRootViaSchedulerTask (node_modules/react-test-renderer/cjs/react-test-renderer.development.js:2908:7)
      at flushActQueue (node_modules/react/cjs/react.development.js:590:34)
      at Object.<anonymous>.process.env.NODE_ENV.exports.act (node_modules/react/cjs/react.development.js:884:10)
      at actImplementation (node_modules/@testing-library/react-native/src/act.ts:30:25)
      at fireEvent (node_modules/@testing-library/react-native/src/fire-event.ts:122:11)
      at fireEvent [as press] (node_modules/@testing-library/react-native/src/fire-event.ts:130:3)
      at Object.press (src/screens/map/__tests__/MapScreen.test.tsx:289:15)
      at asyncGeneratorStep (node_modules/@babel/runtime/helpers/asyncToGenerator.js:3:17)
      at _next (node_modules/@babel/runtime/helpers/asyncToGenerator.js:17:9)

  ● MapScreen Toggle Feature › navigates to ReviewScreen when Add Review button is pressed

    TypeError: (0 , _categories.getCategoryDisplayName) is not a function

      349 |                 ? {
      350 |                     ...selectedRestaurant,
    > 351 |                     cuisine: getCategoryDisplayName(selectedRestaurant.cuisine),
          |                                                    ^
      352 |                   }
      353 |                 : null
      354 |             }

      at MapScreen (src/screens/map/MapScreen.tsx:351:52)
      at Object.react_stack_bottom_frame (node_modules/react-test-renderer/cjs/react-test-renderer.development.js:15670:20)
      at renderWithHooks (node_modules/react-test-renderer/cjs/react-test-renderer.development.js:4863:22)
      at updateFunctionComponent (node_modules/react-test-renderer/cjs/react-test-renderer.development.js:7018:19)
      at beginWork (node_modules/react-test-renderer/cjs/react-test-renderer.development.js:8499:18)
      at runWithFiberInDEV (node_modules/react-test-renderer/cjs/react-test-renderer.development.js:2315:13)
      at performUnitOfWork (node_modules/react-test-renderer/cjs/react-test-renderer.development.js:13224:22)
      at workLoopSync (node_modules/react-test-renderer/cjs/react-test-renderer.development.js:13068:41)
      at renderRootSync (node_modules/react-test-renderer/cjs/react-test-renderer.development.js:13049:11)
      at performWorkOnRoot (node_modules/react-test-renderer/cjs/react-test-renderer.development.js:12253:39)
      at performWorkOnRootViaSchedulerTask (node_modules/react-test-renderer/cjs/react-test-renderer.development.js:2908:7)
      at flushActQueue (node_modules/react/cjs/react.development.js:590:34)
      at Object.<anonymous>.process.env.NODE_ENV.exports.act (node_modules/react/cjs/react.development.js:884:10)
      at actImplementation (node_modules/@testing-library/react-native/src/act.ts:30:25)
      at fireEvent (node_modules/@testing-library/react-native/src/fire-event.ts:122:11)
      at fireEvent [as press] (node_modules/@testing-library/react-native/src/fire-event.ts:130:3)
      at Object.press (src/screens/map/__tests__/MapScreen.test.tsx:307:15)
      at asyncGeneratorStep (node_modules/@babel/runtime/helpers/asyncToGenerator.js:3:17)
      at _next (node_modules/@babel/runtime/helpers/asyncToGenerator.js:17:9)


Test Suites: 1 failed, 29 passed, 30 total
Tests:       6 failed, 146 passed, 152 total
Snapshots:   0 total
Time:        2.823 s, estimated 3 s
Ran all test suites.
